MariaDB [isolation_level]> set session transaction isolation level read committed;
Query OK, 0 rows affected (0.000 sec)

MariaDB [isolation_level]> start trasaction;
ERROR 1064 (42000): You have an error in your SQL syntax; check the manual that corresponds to your MariaDB server version for the right syntax to use near 'trasaction' at line 1
MariaDB [isolation_level]> start transaction;
Query OK, 0 rows affected (0.000 sec)

MariaDB [isolation_level]> update items set quantity = quantity + 5 where id = 1;
Query OK, 1 row affected (0.001 sec)
Rows matched: 1  Changed: 1  Warnings: 0

MariaDB [isolation_level]> commit;
Query OK, 0 rows affected (0.011 sec)

MariaDB [isolation_level]> notee;
